components/history/HistoryCard.tsx(116,75): error TS2339: Property 'length' does not exist on type 'never'.
